Token(type=UNIT, lexeme=unit, literal=null, line=1)
Token(type=IDENTIFIER, lexeme=quoted, literal=null, line=1)
Token(type=EQUAL, lexeme==, literal=null, line=1)
Token(type=STRING, lexeme="say \"hi\"", literal=say "hi", line=1)
Token(type=UNIT, lexeme=unit, literal=null, line=2)
Token(type=IDENTIFIER, lexeme=slashed, literal=null, line=2)
Token(type=EQUAL, lexeme==, literal=null, line=2)
Token(type=STRING, lexeme="back\\slash", literal=back\slash, line=2)
Token(type=UNIT, lexeme=unit, literal=null, line=3)
Token(type=IDENTIFIER, lexeme=spaced, literal=null, line=3)
Token(type=EQUAL, lexeme==, literal=null, line=3)
Token(type=STRING, lexeme="col1\tcol2", literal=col1	col2, line=3)
Token(type=EOF, lexeme=, literal=null, line=3)
