Token(type=UNIT, lexeme=unit, literal=null, line=1)
Token(type=IDENTIFIER, lexeme=x, literal=null, line=1)
Token(type=EQUAL, lexeme==, literal=null, line=1)
Token(type=ACTIVE, lexeme=active, literal=null, line=1)
Token(type=UNIT, lexeme=unit, literal=null, line=2)
Token(type=IDENTIFIER, lexeme=iffy, literal=null, line=2)
Token(type=EQUAL, lexeme==, literal=null, line=2)
Token(type=INACTIVE, lexeme=inactive, literal=null, line=2)
Token(type=EOF, lexeme=, literal=null, line=2)