Token(type=UNIT, lexeme=unit, literal=null, line=1)
Token(type=IDENTIFIER, lexeme=x, literal=null, line=1)
Token(type=EQUAL, lexeme==, literal=null, line=1)
Token(type=ACTIVE, lexeme=active, literal=null, line=1)
Token(type=UNIT, lexeme=unit, literal=null, line=2)
Token(type=IDENTIFIER, lexeme=iffy, literal=null, line=2)
Token(type=EQUAL, lexeme==, literal=null, line=2)
Token(type=INACTIVE, lexeme=inactive, literal=null, line=2)
Token(type=UNIT, lexeme=unit, literal=null, line=3)
Token(type=IDENTIFIER, lexeme=nothing, literal=null, line=3)
Token(type=EQUAL, lexeme==, literal=null, line=3)
Token(type=VOID, lexeme=void, literal=null, line=3)
Token(type=PROTOCOL, lexeme=protocol, literal=null, line=5)
Token(type=IDENTIFIER, lexeme=check, literal=null, line=5)
Token(type=LEFT_PAREN, lexeme=(, literal=null, line=5)
Token(type=IDENTIFIER, lexeme=a, literal=null, line=5)
Token(type=COMMA, lexeme=,, literal=null, line=5)
Token(type=IDENTIFIER, lexeme=b, literal=null, line=5)
Token(type=RIGHT_PAREN, lexeme=), literal=null, line=5)
Token(type=LEFT_BRACE, lexeme={, literal=null, line=5)
Token(type=IF, lexeme=if, literal=null, line=6)
Token(type=IDENTIFIER, lexeme=a, literal=null, line=6)
Token(type=AND, lexeme=and, literal=null, line=6)
Token(type=IDENTIFIER, lexeme=b, literal=null, line=6)
Token(type=LEFT_BRACE, lexeme={, literal=null, line=6)
Token(type=TRANSMIT, lexeme=transmit, literal=null, line=7)
Token(type=ACTIVE, lexeme=active, literal=null, line=7)
Token(type=RIGHT_BRACE, lexeme=}, literal=null, line=8)
Token(type=ELSE, lexeme=else, literal=null, line=8)
Token(type=LEFT_BRACE, lexeme={, literal=null, line=8)
Token(type=TRANSMIT, lexeme=transmit, literal=null, line=9)
Token(type=NOT, lexeme=not, literal=null, line=9)
Token(type=IDENTIFIER, lexeme=a, literal=null, line=9)
Token(type=OR, lexeme=or, literal=null, line=9)
Token(type=IDENTIFIER, lexeme=b, literal=null, line=9)
Token(type=RIGHT_BRACE, lexeme=}, literal=null, line=10)
Token(type=RIGHT_BRACE, lexeme=}, literal=null, line=11)
Token(type=WHILE, lexeme=while, literal=null, line=13)
Token(type=IDENTIFIER, lexeme=x, literal=null, line=13)
Token(type=LEFT_BRACE, lexeme={, literal=null, line=13)
Token(type=FOR, lexeme=for, literal=null, line=14)
Token(type=IDENTIFIER, lexeme=x, literal=null, line=14)
Token(type=LEFT_BRACE, lexeme={, literal=null, line=14)
Token(type=SCAN, lexeme=scan, literal=null, line=15)
Token(type=IDENTIFIER, lexeme=x, literal=null, line=15)
Token(type=RIGHT_BRACE, lexeme=}, literal=null, line=16)
Token(type=RIGHT_BRACE, lexeme=}, literal=null, line=17)
Token(type=REPORT, lexeme=report, literal=null, line=19)
Token(type=IDENTIFIER, lexeme=x, literal=null, line=19)
Token(type=EOF, lexeme=, literal=null, line=19)
