Token(type=UNIT, lexeme=unit, literal=null, line=1)
Token(type=IDENTIFIER, lexeme=a, literal=null, line=1)
Token(type=EQUAL, lexeme==, literal=null, line=1)
Token(type=NUMBER, lexeme=1, literal=1.0, line=1)
Token(type=UNIT, lexeme=unit, literal=null, line=4)
Token(type=IDENTIFIER, lexeme=b, literal=null, line=4)
Token(type=EQUAL, lexeme==, literal=null, line=4)
Token(type=NUMBER, lexeme=2, literal=2.0, line=4)
Token(type=REPORT, lexeme=report, literal=null, line=5)
Token(type=IDENTIFIER, lexeme=b, literal=null, line=5)
Token(type=EOF, lexeme=, literal=null, line=5)
