Token(type=NUMBER, lexeme=42, literal=42.0, line=1)
Token(type=NUMBER, lexeme=3.14, literal=3.14, line=2)
Token(type=NUMBER, lexeme=0, literal=0.0, line=3)
Token(type=UNIT, lexeme=unit, literal=null, line=4)
Token(type=IDENTIFIER, lexeme=n, literal=null, line=4)
Token(type=EQUAL, lexeme==, literal=null, line=4)
Token(type=NUMBER, lexeme=7, literal=7.0, line=4)
Token(type=IDENTIFIER, lexeme=count, literal=null, line=5)
Token(type=PLUS, lexeme=+, literal=null, line=5)
Token(type=NUMBER, lexeme=1, literal=1.0, line=5)
Token(type=NUMBER, lexeme=42, literal=42.0, line=6)
Token(type=PLUS, lexeme=+, literal=null, line=6)
Token(type=NUMBER, lexeme=1, literal=1.0, line=6)
Token(type=NUMBER, lexeme=3, literal=3.0, line=7)
Token(type=DOT, lexeme=., literal=null, line=7)
Token(type=EOF, lexeme=, literal=null, line=7)
